// Jest Snapshot v1, https://goo.gl/fbAQLP

exports[`<Avatar /> should render the heading 1`] = `
<main
  class=""
>
  <h1>
    Avatar
  </h1>
</main>
`;
